笆ｲ [WARNING] Non-interactive element `<circle>` should not be assigned mouse or keyboard event listeners [plugin esbuild-svelte]

    src/components/draw/circles.svelte:93:4:
      93 笏・    <circle
         笊ｵ     ~~~~~~~

  The plugin "esbuild-svelte" was triggered by this import

    src/components/charts/scatterplot.svelte:4:20:
      4 笏・import Circles from "../draw/circles.svelte";
        笊ｵ                     ~~~~~~~~~~~~~~~~~~~~~~~~

笆ｲ [WARNING] Non-interactive element `<circle>` should not be assigned mouse or keyboard event listeners [plugin esbuild-svelte]

    src/components/draw/circles.svelte:93:4:
      93 笏・    <circle
         笊ｵ     ~~~~~~~

  The plugin "esbuild-svelte" was triggered by this import

    src/components/charts/scatterplot.svelte:4:20:
      4 笏・import Circles from "../draw/circles.svelte";
        笊ｵ                     ~~~~~~~~~~~~~~~~~~~~~~~~

